src/domains/vendor/configs/vendor-data-display.config.ts(18,9): error TS2353: Object literal may only specify known properties, and 'columns' does not exist in type 'ComponentConfig'.
src/domains/vendor/configs/vendor-data-display.config.ts(49,9): error TS2353: Object literal may only specify known properties, and 'actions' does not exist in type 'ComponentConfig'.
src/domains/vendor/configs/vendor-data-display.config.ts(77,9): error TS2353: Object literal may only specify known properties, and 'columns' does not exist in type 'ComponentConfig'.
src/domains/vendor/configs/vendor-page.config.ts(3,24): error TS2305: Module '"../../../gradian-ui"' has no exported member 'FormConfig'.
src/domains/vendor/configs/vendor-page.config.ts(48,15): error TS2352: Conversion of type '{ id: string; name: string; styling: { variant: "elevated"; size: "md"; rounded: boolean; shadow: "md"; }; behavior: { clickable: boolean; hoverable: boolean; }; layout: { direction: "vertical"; alignment: "stretch"; spacing: "normal"; }; }' to type 'CardConfig' may be a mistake because neither type sufficiently overlaps with the other. If this was intentional, convert the expression to 'unknown' first.
  Type '{ id: string; name: string; styling: { variant: "elevated"; size: "md"; rounded: boolean; shadow: "md"; }; behavior: { clickable: boolean; hoverable: boolean; }; layout: { direction: "vertical"; alignment: "stretch"; spacing: "normal"; }; }' is missing the following properties from type 'CardConfig': title, sections
src/gradian-ui/data-display/components/DataDisplayFilterPane.tsx(26,57): error TS2339: Property 'filterPane' does not exist on type '{}'.
src/gradian-ui/data-display/components/DataDisplayFilterPane.tsx(57,12): error TS2339: Property 'filterPane' does not exist on type '{}'.
src/gradian-ui/data-display/components/DataDisplayFilterPane.tsx(58,12): error TS2339: Property 'filterPane' does not exist on type '{}'.
src/gradian-ui/data-display/components/DataDisplayFilterPane.tsx(59,12): error TS2339: Property 'filterPane' does not exist on type '{}'.
src/gradian-ui/data-display/components/DataDisplayFilterPane.tsx(239,17): error TS2339: Property 'filterPane' does not exist on type '{}'.
src/gradian-ui/data-display/components/DataDisplayWrapper.tsx(222,37): error TS2322: Type '{ config: DataDisplayConfig; }' is not assignable to type 'IntrinsicAttributes & DataDisplayLoadingStateProps'.
  Property 'config' does not exist on type 'IntrinsicAttributes & DataDisplayLoadingStateProps'.
src/gradian-ui/data-display/components/DataDisplayWrapper.tsx(247,15): error TS2339: Property 'header' does not exist on type '{}'.
src/gradian-ui/data-display/components/DataDisplayWrapper.tsx(251,23): error TS2339: Property 'header' does not exist on type '{}'.
src/gradian-ui/data-display/components/DataDisplayWrapper.tsx(253,27): error TS2339: Property 'header' does not exist on type '{}'.
src/gradian-ui/data-display/components/DataDisplayWrapper.tsx(256,23): error TS2339: Property 'header' does not exist on type '{}'.
src/gradian-ui/data-display/components/DataDisplayWrapper.tsx(258,27): error TS2339: Property 'header' does not exist on type '{}'.
src/gradian-ui/data-display/components/DataDisplayWrapper.tsx(262,21): error TS2339: Property 'header' does not exist on type '{}'.
src/gradian-ui/data-display/components/DataDisplayWrapper.tsx(264,25): error TS2339: Property 'header' does not exist on type '{}'.
src/gradian-ui/data-display/components/DataDisplayWrapper.tsx(264,44): error TS7006: Parameter 'actionId' implicitly has an 'any' type.
src/gradian-ui/data-display/components/DataDisplayWrapper.tsx(292,15): error TS2339: Property 'filterPane' does not exist on type '{}'.
src/gradian-ui/data-display/components/DataDisplayWrapper.tsx(305,15): error TS2339: Property 'viewSwitch' does not exist on type '{}'.
src/gradian-ui/data-display/components/DataDisplayWrapper.tsx(317,16): error TS2339: Property 'content' does not exist on type '{}'.
src/gradian-ui/data-display/components/DataDisplayWrapper.tsx(317,48): error TS2339: Property 'content' does not exist on type '{}'.
src/gradian-ui/data-display/components/DataDisplayWrapper.tsx(318,16): error TS2339: Property 'content' does not exist on type '{}'.
src/gradian-ui/data-display/components/DataDisplayWrapper.tsx(318,46): error TS2339: Property 'content' does not exist on type '{}'.
src/gradian-ui/data-display/components/DynamicList.tsx(48,13): error TS2322: Type '{ default: number; sm?: number | undefined; md?: number | undefined; lg?: number | undefined; xl?: number | undefined; }' is not assignable to type 'number'.
src/gradian-ui/data-display/components/DynamicList.tsx(126,11): error TS2322: Type '{ default: number; sm?: number | undefined; md?: number | undefined; lg?: number | undefined; xl?: number | undefined; }' is not assignable to type 'number'.
src/gradian-ui/data-display/components/SearchBar.tsx(25,16): error TS2345: Argument of type 'string | undefined' is not assignable to parameter of type 'string'.
  Type 'undefined' is not assignable to type 'string'.
src/gradian-ui/data-display/components/SearchBar.tsx(49,37): error TS2345: Argument of type 'string | undefined' is not assignable to parameter of type 'string'.
  Type 'undefined' is not assignable to type 'string'.
src/gradian-ui/data-display/utils/card-renderer.tsx(65,44): error TS2304: Cannot find name 'data'.
src/gradian-ui/form-builder/components/AccordionFormSection.tsx(43,5): error TS2345: Argument of type 'string | 0 | undefined' is not assignable to parameter of type 'string | false | null | undefined'.
  Type '0' is not assignable to type 'string | false | null | undefined'.
src/gradian-ui/form-builder/components/AccordionFormSection.tsx(59,53): error TS7053: Element implicitly has an 'any' type because expression of type 'number' can't be used to index type 'Boolean'.
  No index signature with a parameter of type 'number' was found on type 'Boolean'.
src/gradian-ui/form-builder/components/AccordionFormSection.tsx(70,13): error TS2345: Argument of type 'string | 0 | undefined' is not assignable to parameter of type 'string | false | null | undefined'.
  Type '0' is not assignable to type 'string | false | null | undefined'.
src/gradian-ui/form-builder/components/FormLifecycleManager.tsx(87,72): error TS2345: Argument of type '{ required?: boolean | undefined; minLength?: number | undefined; maxLength?: number | undefined; pattern?: RegExp | undefined; min?: number | undefined; max?: number | undefined; custom?: ((value: any) => { ...; }) | undefined; }' is not assignable to parameter of type 'ValidationRule'.
  Types of property 'custom' are incompatible.
    Type '((value: any) => { isValid: boolean; error?: string | undefined; }) | undefined' is not assignable to type '((value: any) => string | boolean) | undefined'.
      Type '(value: any) => { isValid: boolean; error?: string | undefined; }' is not assignable to type '(value: any) => string | boolean'.
        Type '{ isValid: boolean; error?: string | undefined; }' is not assignable to type 'string | boolean'.
src/gradian-ui/form-builder/components/FormLifecycleManager.tsx(104,72): error TS2345: Argument of type '{ required?: boolean | undefined; minLength?: number | undefined; maxLength?: number | undefined; pattern?: RegExp | undefined; min?: number | undefined; max?: number | undefined; custom?: ((value: any) => { ...; }) | undefined; }' is not assignable to parameter of type 'ValidationRule'.
  Types of property 'custom' are incompatible.
    Type '((value: any) => { isValid: boolean; error?: string | undefined; }) | undefined' is not assignable to type '((value: any) => string | boolean) | undefined'.
      Type '(value: any) => { isValid: boolean; error?: string | undefined; }' is not assignable to type '(value: any) => string | boolean'.
        Type '{ isValid: boolean; error?: string | undefined; }' is not assignable to type 'string | boolean'.
src/gradian-ui/form-builder/components/FormLifecycleManager.tsx(220,70): error TS2345: Argument of type '{ required?: boolean | undefined; minLength?: number | undefined; maxLength?: number | undefined; pattern?: RegExp | undefined; min?: number | undefined; max?: number | undefined; custom?: ((value: any) => { ...; }) | undefined; }' is not assignable to parameter of type 'ValidationRule'.
  Types of property 'custom' are incompatible.
    Type '((value: any) => { isValid: boolean; error?: string | undefined; }) | undefined' is not assignable to type '((value: any) => string | boolean) | undefined'.
      Type '(value: any) => { isValid: boolean; error?: string | undefined; }' is not assignable to type '(value: any) => string | boolean'.
        Type '{ isValid: boolean; error?: string | undefined; }' is not assignable to type 'string | boolean'.
src/gradian-ui/form-builder/components/FormSection.tsx(35,5): error TS2345: Argument of type 'string | 0 | undefined' is not assignable to parameter of type 'string | false | null | undefined'.
  Type '0' is not assignable to type 'string | false | null | undefined'.
src/gradian-ui/form-builder/components/FormSection.tsx(49,53): error TS7053: Element implicitly has an 'any' type because expression of type 'number' can't be used to index type 'Boolean'.
  No index signature with a parameter of type 'number' was found on type 'Boolean'.
src/gradian-ui/form-builder/components/FormSection.tsx(60,13): error TS2345: Argument of type 'string | 0 | undefined' is not assignable to parameter of type 'string | false | null | undefined'.
  Type '0' is not assignable to type 'string | false | null | undefined'.
src/gradian-ui/form-builder/form-elements/index.ts(15,1): error TS2308: Module './components/FormElementFactory' has already exported a member named 'FormElementFactory'. Consider explicitly re-exporting to resolve the ambiguity.
src/gradian-ui/form-builder/form-wrapper/components/FormFooter.tsx(21,9): error TS7034: Variable 'defaultActions' implicitly has type 'any[]' in some locations where its type cannot be determined.
src/gradian-ui/form-builder/form-wrapper/components/FormFooter.tsx(56,32): error TS7005: Variable 'defaultActions' implicitly has an 'any[]' type.
src/gradian-ui/form-builder/form-wrapper/components/FormFooter.tsx(95,53): error TS7005: Variable 'defaultActions' implicitly has an 'any[]' type.
src/gradian-ui/form-builder/form-wrapper/types/index.ts(3,30): error TS2305: Module '"../../../shared/types"' has no exported member 'FormElementConfig'.
src/gradian-ui/form-builder/index.ts(6,1): error TS2308: Module './types/form-schema' has already exported a member named 'FormSection'. Consider explicitly re-exporting to resolve the ambiguity.
src/gradian-ui/index.ts(14,1): error TS2308: Module './form-builder' has already exported a member named 'CardConfig'. Consider explicitly re-exporting to resolve the ambiguity.
src/gradian-ui/layout/grid-builder/components/GridBuilder.tsx(30,5): error TS2345: Argument of type 'string | false | 0 | undefined' is not assignable to parameter of type 'string | false | null | undefined'.
  Type '0' is not assignable to type 'string | false | null | undefined'.
src/gradian-ui/layout/grid-builder/components/GridColumn.tsx(24,5): error TS2345: Argument of type 'string | 0 | undefined' is not assignable to parameter of type 'string | false | null | undefined'.
  Type '0' is not assignable to type 'string | false | null | undefined'.
src/gradian-ui/layout/grid-builder/components/GridItem.tsx(28,5): error TS2345: Argument of type 'string | 0 | undefined' is not assignable to parameter of type 'string | false | null | undefined'.
  Type '0' is not assignable to type 'string | false | null | undefined'.
src/gradian-ui/layout/header/components/HeaderNavigation.tsx(5,33): error TS2459: Module '"../types"' declares 'MenuItem' locally, but it is not exported.
src/gradian-ui/layout/header/components/HeaderNavigation.tsx(84,33): error TS7006: Parameter 'child' implicitly has an 'any' type.
src/gradian-ui/layout/notification-bar/components/NotificationContainer.tsx(34,29): error TS2339: Property 'id' does not exist on type 'NotificationConfig'.
src/gradian-ui/layout/notification-bar/components/NotificationItem.tsx(34,32): error TS2339: Property 'id' does not exist on type 'NotificationConfig'.
src/gradian-ui/layout/notification-bar/components/NotificationItem.tsx(39,29): error TS2339: Property 'id' does not exist on type 'NotificationConfig'.
src/gradian-ui/layout/profile-selector/components/ProfileSelector.tsx(54,13): error TS2322: Type '{ profiles: UserProfile[]; currentProfile: UserProfile | undefined; onProfileSelect: ((profile: UserProfile) => void) | undefined; onProfileCreate: (() => void) | undefined; onProfileEdit: ((profile: UserProfile) => void) | undefined; onProfileDelete: ((profile: UserProfile) => void) | undefined; config: ProfileSele...' is not assignable to type 'IntrinsicAttributes & ProfileListProps'.
  Property 'currentProfile' does not exist on type 'IntrinsicAttributes & ProfileListProps'.
src/gradian-ui/layout/profile-selector/components/ProfileSelector.tsx(67,13): error TS2322: Type '{ profiles: UserProfile[]; currentProfile: UserProfile | undefined; onProfileSelect: ((profile: UserProfile) => void) | undefined; onProfileCreate: (() => void) | undefined; onProfileEdit: ((profile: UserProfile) => void) | undefined; onProfileDelete: ((profile: UserProfile) => void) | undefined; config: ProfileSele...' is not assignable to type 'IntrinsicAttributes & ProfileGridProps'.
  Property 'currentProfile' does not exist on type 'IntrinsicAttributes & ProfileGridProps'.
src/gradian-ui/layout/profile-selector/components/ProfileSelector.tsx(79,13): error TS2322: Type '{ profiles: UserProfile[]; currentProfile: UserProfile | undefined; onProfileSelect: ((profile: UserProfile) => void) | undefined; onProfileCreate: (() => void) | undefined; onProfileEdit: ((profile: UserProfile) => void) | undefined; onProfileDelete: ((profile: UserProfile) => void) | undefined; config: ProfileSele...' is not assignable to type 'IntrinsicAttributes & ProfileTabsProps'.
  Property 'profiles' does not exist on type 'IntrinsicAttributes & ProfileTabsProps'.
src/shared/utils/validation.ts(13,14): error TS2322: Type '(issue: any, ctx: any) => { message: any; }' is not assignable to type '$ZodErrorMap<$ZodIssue>'.
  Target signature provides too few arguments. Expected 2 or more, but got 1.
