
> gradian-scm@0.1.0 build
> next build

   Γû▓ Next.js 16.0.0 (Turbopack)

   Creating an optimized production build ...
 Γ£ô Compiled successfully in 14.3s
   Running TypeScript ...
node.exe : Failed to compile.
At C:\Program Files\nodejs\npm.ps1:29 char:3
+   & $NODE_EXE $NPM_CLI_JS $args
+   ~~~~~~~~~~~~~~~~~~~~~~~~~~~~~
    + CategoryInfo          : NotSpecified: (Failed to compile.:String) [], RemoteException
    + FullyQualifiedErrorId : NativeCommandError
 

./src/domains/vendor/utils/form-schema-utils.ts:85:57
Type error: Cannot find name 'ExtendedFormSchema'.

[0m [90m 83 |[39m [90m * @returns Updated config with dynamic UI properties[39m
 [90m 84 |[39m [90m */[39m
[31m[1m>[22m[39m[90m 85 |[39m [36mexport[39m [36mconst[39m generateDynamicSchemaProperties [33m=[39m (schema[33m:[39m [33mExtendedFormSchema[39m)[33m:[39m 
any [33m=>[39m {
 [90m    |[39m                                                         [31m[1m^[22m[39m
 [90m 86 |[39m   [36mconst[39m { singular_name[33m,[39m plural_name[33m,[39m sections[33m,[39m cardMetadata[33m,[39m [33m...[39mrestSchema } [33m=[39m 
schema[33m;[39m
 [90m 87 |[39m   
 [90m 88 |[39m   [90m// Extract all fields from sections[39m[0m
Next.js build worker exited with code: 1 and signal: null
